[sadeeqakintola.com/index.html]
[backblue.gif]
[fade.gif]
[index.html]
[sadeeqakintola.com/assets/img/favicon.png]
[sadeeqakintola.com/assets/img/apple-touch-icon.png]
[maxst.icons8.com/vue-static/landings/line-awesome/line-awesome/1.3.0/css/line-awesome.min.css]
[sadeeqakintola.com/assets/vendor/bootstrap/css/bootstrap.min.css]
[sadeeqakintola.com/assets/vendor/icofont/icofont.min.css]
[sadeeqakintola.com/assets/vendor/remixicon/remixicon.css]
[sadeeqakintola.com/assets/vendor/owl.carousel/assets/owl.carousel.min.css]
[sadeeqakintola.com/assets/vendor/boxicons/css/boxicons.min.css]
[sadeeqakintola.com/assets/vendor/venobox/venobox.css]
[sadeeqakintola.com/assets/css/style.css]
[sadeeqakintola.com/cdn-cgi/l/email-protection.html]
[sadeeqakintola.com/assets/img/about-me.jpg]
[sadeeqakintola.com/assets/img/testimonials/testimonials.jpg]
[sadeeqakintola.com/assets/img/portfolio/portfolio-1.jpg]
[sadeeqakintola.com/portfolio-details.html]
[sadeeqakintola.com/assets/img/portfolio/portfolio-2.jpg]
[sadeeqakintola.com/assets/img/portfolio/portfolio-3.jpg]
[sadeeqakintola.com/assets/img/portfolio/portfolio-4.jpg]
[sadeeqakintola.com/assets/img/portfolio/portfolio-5.jpg]
[sadeeqakintola.com/assets/img/portfolio/portfolio-6.jpg]
[sadeeqakintola.com/assets/img/portfolio/portfolio-7.jpg]
[sadeeqakintola.com/assets/img/portfolio/portfolio-8.jpg]
[sadeeqakintola.com/assets/img/portfolio/portfolio-9.jpg]
[sadeeqakintola.com/cdn-cgi/scripts/5c5dd728/cloudflare-static/email-decode.min.js]
[code.iconify.design/1/1.0.7/iconify.min.js]
[sadeeqakintola.com/assets/vendor/jquery/jquery.min.js]
[sadeeqakintola.com/assets/vendor/bootstrap/js/bootstrap.bundle.min.js]
[sadeeqakintola.com/assets/vendor/jquery.easing/jquery.easing.min.js]
[sadeeqakintola.com/assets/vendor/php-email-form/validate.js]
[sadeeqakintola.com/assets/vendor/waypoints/jquery.waypoints.min.js]
[sadeeqakintola.com/assets/vendor/counterup/counterup.min.js]
[sadeeqakintola.com/assets/vendor/owl.carousel/owl.carousel.min.js]
[sadeeqakintola.com/assets/vendor/isotope-layout/isotope.pkgd.min.js]
[sadeeqakintola.com/assets/vendor/venobox/venobox.min.js]
[sadeeqakintola.com/index.html]
[maxst.icons8.com/vue-static/landings/line-awesome/line-awesome/1.3.0/css/line-awesome.min.css]
[sadeeqakintola.com/assets/vendor/bootstrap/css/bootstrap.min.css]
[sadeeqakintola.com/assets/js/main.js]
[sadeeqakintola.com/assets/vendor/icofont/fonts/icofont.woff2]
[sadeeqakintola.com/assets/vendor/icofont/fonts/icofont.woff]
[sadeeqakintola.com/assets/vendor/icofont/icofont.min.css]
[sadeeqakintola.com/assets/vendor/remixicon/remixicondf6d.woff2]
[sadeeqakintola.com/assets/vendor/remixicon/remixicondf6d.eot]
[sadeeqakintola.com/assets/vendor/remixicon/remixicondf6d.woff]
[sadeeqakintola.com/assets/vendor/remixicon/remixicondf6d.ttf]
[sadeeqakintola.com/assets/vendor/remixicon/remixicon.css]
[sadeeqakintola.com/assets/vendor/remixicon/remixicondf6d.svg]
[sadeeqakintola.com/assets/vendor/owl.carousel/assets/owl.video.play.png]
[sadeeqakintola.com/assets/vendor/owl.carousel/assets/owl.carousel.min.css]
[sadeeqakintola.com/assets/vendor/boxicons/fonts/boxicons.eot]
[sadeeqakintola.com/assets/vendor/boxicons/fonts/boxicons.woff2]
[sadeeqakintola.com/assets/vendor/boxicons/fonts/boxicons.woff]
[sadeeqakintola.com/assets/vendor/boxicons/fonts/boxicons.ttf]
[sadeeqakintola.com/assets/vendor/boxicons/css/boxicons.min.css]
[sadeeqakintola.com/assets/vendor/venobox/venobox.css]
[sadeeqakintola.com/assets/vendor/boxicons/fonts/boxiconsd41d.svg]
[sadeeqakintola.com/assets/img/intro-bg.jpg]
[sadeeqakintola.com/assets/css/style.css]
[sadeeqakintola.com/cdn-cgi/l/email-protection.html]
[sadeeqakintola.com/assets/img/portfolio/portfolio-details-1.jpg]
[sadeeqakintola.com/assets/img/portfolio/portfolio-details-2.jpg]
[sadeeqakintola.com/assets/img/portfolio/portfolio-details-3.jpg]
[sadeeqakintola.com/portfolio-details.html]
[sadeeqakintola.com/assets/vendor/php-email-form/validate.html]
[sadeeqakintola.com/assets/vendor/remixicon/remixicondf6d.svg]
[sadeeqakintola.com/assets/vendor/boxicons/fonts/boxiconsd41d.svg]
